19:16:28 **** Incremental Build of configuration Debug for project RTOS1 ****
make -j8 all 
arm-none-eabi-size  RTOS1.elf 
   text	   data	    bss	    dec	    hex	filename
  20632	    108	   8160	  28900	   70e4	RTOS1.elf
Finished building: default.size.stdout
 
19:16:43 **** Incremental Build of configuration Debug for project RTOS1 ****
make -j8 all 
arm-none-eabi-size  RTOS1.elf 
   text	   data	    bss	    dec	    hex	filename
  20632	    108	   8160	  28900	   70e4	RTOS1.elf
Finished building: default.size.stdout
 
19:21:17 **** Incremental Build of configuration Debug for project RTOS1 ****
make -j8 all 
arm-none-eabi-gcc "../thirdparty/freertos/portable/MemMang/heap_4.c" -mcpu=cortex-m4 -std=gnu11 -g3 -DDEBUG -DUSE_HAL_DRIVER -DSTM32F401xE -c -I../Core/Inc -I../Drivers/STM32F4xx_HAL_Driver/Inc -I../Drivers/STM32F4xx_HAL_Driver/Inc/Legacy -I../Drivers/CMSIS/Device/ST/STM32F4xx/Include -I../Drivers/CMSIS/Include -I"C:/Users/user/OneDrive/Desktop/embdsystms/RTOS/RTOS1/thirdparty/freertos/include" -I"C:/Users/user/OneDrive/Desktop/embdsystms/RTOS/RTOS1/thirdparty/freertos/portable/GCC/ARM_CM4F" -I"C:/Users/user/OneDrive/Desktop/embdsystms/RTOS/RTOS1/thirdparty/freertos" -O0 -ffunction-sections -fdata-sections -Wall -fstack-usage -fcyclomatic-complexity -MMD -MP -MF"thirdparty/freertos/portable/MemMang/heap_4.d" -MT"thirdparty/freertos/portable/MemMang/heap_4.o" --specs=nano.specs -mfpu=fpv4-sp-d16 -mfloat-abi=hard -mthumb -o "thirdparty/freertos/portable/MemMang/heap_4.o"
arm-none-eabi-gcc "../thirdparty/freertos/portable/GCC/ARM_CM4F/port.c" -mcpu=cortex-m4 -std=gnu11 -g3 -DDEBUG -DUSE_HAL_DRIVER -DSTM32F401xE -c -I../Core/Inc -I../Drivers/STM32F4xx_HAL_Driver/Inc -I../Drivers/STM32F4xx_HAL_Driver/Inc/Legacy -I../Drivers/CMSIS/Device/ST/STM32F4xx/Include -I../Drivers/CMSIS/Include -I"C:/Users/user/OneDrive/Desktop/embdsystms/RTOS/RTOS1/thirdparty/freertos/include" -I"C:/Users/user/OneDrive/Desktop/embdsystms/RTOS/RTOS1/thirdparty/freertos/portable/GCC/ARM_CM4F" -I"C:/Users/user/OneDrive/Desktop/embdsystms/RTOS/RTOS1/thirdparty/freertos" -O0 -ffunction-sections -fdata-sections -Wall -fstack-usage -fcyclomatic-complexity -MMD -MP -MF"thirdparty/freertos/portable/GCC/ARM_CM4F/port.d" -MT"thirdparty/freertos/portable/GCC/ARM_CM4F/port.o" --specs=nano.specs -mfpu=fpv4-sp-d16 -mfloat-abi=hard -mthumb -o "thirdparty/freertos/portable/GCC/ARM_CM4F/port.o"
arm-none-eabi-gcc "../thirdparty/freertos/croutine.c" -mcpu=cortex-m4 -std=gnu11 -g3 -DDEBUG -DUSE_HAL_DRIVER -DSTM32F401xE -c -I../Core/Inc -I../Drivers/STM32F4xx_HAL_Driver/Inc -I../Drivers/STM32F4xx_HAL_Driver/Inc/Legacy -I../Drivers/CMSIS/Device/ST/STM32F4xx/Include -I../Drivers/CMSIS/Include -I"C:/Users/user/OneDrive/Desktop/embdsystms/RTOS/RTOS1/thirdparty/freertos/include" -I"C:/Users/user/OneDrive/Desktop/embdsystms/RTOS/RTOS1/thirdparty/freertos/portable/GCC/ARM_CM4F" -I"C:/Users/user/OneDrive/Desktop/embdsystms/RTOS/RTOS1/thirdparty/freertos" -O0 -ffunction-sections -fdata-sections -Wall -fstack-usage -fcyclomatic-complexity -MMD -MP -MF"thirdparty/freertos/croutine.d" -MT"thirdparty/freertos/croutine.o" --specs=nano.specs -mfpu=fpv4-sp-d16 -mfloat-abi=hard -mthumb -o "thirdparty/freertos/croutine.o"
arm-none-eabi-gcc "../thirdparty/freertos/event_groups.c" -mcpu=cortex-m4 -std=gnu11 -g3 -DDEBUG -DUSE_HAL_DRIVER -DSTM32F401xE -c -I../Core/Inc -I../Drivers/STM32F4xx_HAL_Driver/Inc -I../Drivers/STM32F4xx_HAL_Driver/Inc/Legacy -I../Drivers/CMSIS/Device/ST/STM32F4xx/Include -I../Drivers/CMSIS/Include -I"C:/Users/user/OneDrive/Desktop/embdsystms/RTOS/RTOS1/thirdparty/freertos/include" -I"C:/Users/user/OneDrive/Desktop/embdsystms/RTOS/RTOS1/thirdparty/freertos/portable/GCC/ARM_CM4F" -I"C:/Users/user/OneDrive/Desktop/embdsystms/RTOS/RTOS1/thirdparty/freertos" -O0 -ffunction-sections -fdata-sections -Wall -fstack-usage -fcyclomatic-complexity -MMD -MP -MF"thirdparty/freertos/event_groups.d" -MT"thirdparty/freertos/event_groups.o" --specs=nano.specs -mfpu=fpv4-sp-d16 -mfloat-abi=hard -mthumb -o "thirdparty/freertos/event_groups.o"
arm-none-eabi-gcc "../thirdparty/freertos/list.c" -mcpu=cortex-m4 -std=gnu11 -g3 -DDEBUG -DUSE_HAL_DRIVER -DSTM32F401xE -c -I../Core/Inc -I../Drivers/STM32F4xx_HAL_Driver/Inc -I../Drivers/STM32F4xx_HAL_Driver/Inc/Legacy -I../Drivers/CMSIS/Device/ST/STM32F4xx/Include -I../Drivers/CMSIS/Include -I"C:/Users/user/OneDrive/Desktop/embdsystms/RTOS/RTOS1/thirdparty/freertos/include" -I"C:/Users/user/OneDrive/Desktop/embdsystms/RTOS/RTOS1/thirdparty/freertos/portable/GCC/ARM_CM4F" -I"C:/Users/user/OneDrive/Desktop/embdsystms/RTOS/RTOS1/thirdparty/freertos" -O0 -ffunction-sections -fdata-sections -Wall -fstack-usage -fcyclomatic-complexity -MMD -MP -MF"thirdparty/freertos/list.d" -MT"thirdparty/freertos/list.o" --specs=nano.specs -mfpu=fpv4-sp-d16 -mfloat-abi=hard -mthumb -o "thirdparty/freertos/list.o"
arm-none-eabi-gcc "../thirdparty/freertos/queue.c" -mcpu=cortex-m4 -std=gnu11 -g3 -DDEBUG -DUSE_HAL_DRIVER -DSTM32F401xE -c -I../Core/Inc -I../Drivers/STM32F4xx_HAL_Driver/Inc -I../Drivers/STM32F4xx_HAL_Driver/Inc/Legacy -I../Drivers/CMSIS/Device/ST/STM32F4xx/Include -I../Drivers/CMSIS/Include -I"C:/Users/user/OneDrive/Desktop/embdsystms/RTOS/RTOS1/thirdparty/freertos/include" -I"C:/Users/user/OneDrive/Desktop/embdsystms/RTOS/RTOS1/thirdparty/freertos/portable/GCC/ARM_CM4F" -I"C:/Users/user/OneDrive/Desktop/embdsystms/RTOS/RTOS1/thirdparty/freertos" -O0 -ffunction-sections -fdata-sections -Wall -fstack-usage -fcyclomatic-complexity -MMD -MP -MF"thirdparty/freertos/queue.d" -MT"thirdparty/freertos/queue.o" --specs=nano.specs -mfpu=fpv4-sp-d16 -mfloat-abi=hard -mthumb -o "thirdparty/freertos/queue.o"
arm-none-eabi-gcc "../thirdparty/freertos/stream_buffer.c" -mcpu=cortex-m4 -std=gnu11 -g3 -DDEBUG -DUSE_HAL_DRIVER -DSTM32F401xE -c -I../Core/Inc -I../Drivers/STM32F4xx_HAL_Driver/Inc -I../Drivers/STM32F4xx_HAL_Driver/Inc/Legacy -I../Drivers/CMSIS/Device/ST/STM32F4xx/Include -I../Drivers/CMSIS/Include -I"C:/Users/user/OneDrive/Desktop/embdsystms/RTOS/RTOS1/thirdparty/freertos/include" -I"C:/Users/user/OneDrive/Desktop/embdsystms/RTOS/RTOS1/thirdparty/freertos/portable/GCC/ARM_CM4F" -I"C:/Users/user/OneDrive/Desktop/embdsystms/RTOS/RTOS1/thirdparty/freertos" -O0 -ffunction-sections -fdata-sections -Wall -fstack-usage -fcyclomatic-complexity -MMD -MP -MF"thirdparty/freertos/stream_buffer.d" -MT"thirdparty/freertos/stream_buffer.o" --specs=nano.specs -mfpu=fpv4-sp-d16 -mfloat-abi=hard -mthumb -o "thirdparty/freertos/stream_buffer.o"
arm-none-eabi-gcc "../thirdparty/freertos/tasks.c" -mcpu=cortex-m4 -std=gnu11 -g3 -DDEBUG -DUSE_HAL_DRIVER -DSTM32F401xE -c -I../Core/Inc -I../Drivers/STM32F4xx_HAL_Driver/Inc -I../Drivers/STM32F4xx_HAL_Driver/Inc/Legacy -I../Drivers/CMSIS/Device/ST/STM32F4xx/Include -I../Drivers/CMSIS/Include -I"C:/Users/user/OneDrive/Desktop/embdsystms/RTOS/RTOS1/thirdparty/freertos/include" -I"C:/Users/user/OneDrive/Desktop/embdsystms/RTOS/RTOS1/thirdparty/freertos/portable/GCC/ARM_CM4F" -I"C:/Users/user/OneDrive/Desktop/embdsystms/RTOS/RTOS1/thirdparty/freertos" -O0 -ffunction-sections -fdata-sections -Wall -fstack-usage -fcyclomatic-complexity -MMD -MP -MF"thirdparty/freertos/tasks.d" -MT"thirdparty/freertos/tasks.o" --specs=nano.specs -mfpu=fpv4-sp-d16 -mfloat-abi=hard -mthumb -o "thirdparty/freertos/tasks.o"
../thirdparty/freertos/portable/GCC/ARM_CM4F/port.c: In function 'xPortStartScheduler':
../thirdparty/freertos/portable/GCC/ARM_CM4F/port.c:327:33: warning: unused variable 'pxVectorTable' [-Wunused-variable]
  327 |         const portISR_t * const pxVectorTable = portSCB_VTOR_REG;
      |                                 ^~~~~~~~~~~~~
arm-none-eabi-gcc "../thirdparty/freertos/timers.c" -mcpu=cortex-m4 -std=gnu11 -g3 -DDEBUG -DUSE_HAL_DRIVER -DSTM32F401xE -c -I../Core/Inc -I../Drivers/STM32F4xx_HAL_Driver/Inc -I../Drivers/STM32F4xx_HAL_Driver/Inc/Legacy -I../Drivers/CMSIS/Device/ST/STM32F4xx/Include -I../Drivers/CMSIS/Include -I"C:/Users/user/OneDrive/Desktop/embdsystms/RTOS/RTOS1/thirdparty/freertos/include" -I"C:/Users/user/OneDrive/Desktop/embdsystms/RTOS/RTOS1/thirdparty/freertos/portable/GCC/ARM_CM4F" -I"C:/Users/user/OneDrive/Desktop/embdsystms/RTOS/RTOS1/thirdparty/freertos" -O0 -ffunction-sections -fdata-sections -Wall -fstack-usage -fcyclomatic-complexity -MMD -MP -MF"thirdparty/freertos/timers.d" -MT"thirdparty/freertos/timers.o" --specs=nano.specs -mfpu=fpv4-sp-d16 -mfloat-abi=hard -mthumb -o "thirdparty/freertos/timers.o"
arm-none-eabi-gcc "../Core/Src/main.c" -mcpu=cortex-m4 -std=gnu11 -g3 -DDEBUG -DUSE_HAL_DRIVER -DSTM32F401xE -c -I../Core/Inc -I../Drivers/STM32F4xx_HAL_Driver/Inc -I../Drivers/STM32F4xx_HAL_Driver/Inc/Legacy -I../Drivers/CMSIS/Device/ST/STM32F4xx/Include -I../Drivers/CMSIS/Include -I"C:/Users/user/OneDrive/Desktop/embdsystms/RTOS/RTOS1/thirdparty/freertos/include" -I"C:/Users/user/OneDrive/Desktop/embdsystms/RTOS/RTOS1/thirdparty/freertos/portable/GCC/ARM_CM4F" -I"C:/Users/user/OneDrive/Desktop/embdsystms/RTOS/RTOS1/thirdparty/freertos" -O0 -ffunction-sections -fdata-sections -Wall -fstack-usage -fcyclomatic-complexity -MMD -MP -MF"Core/Src/main.d" -MT"Core/Src/main.o" --specs=nano.specs -mfpu=fpv4-sp-d16 -mfloat-abi=hard -mthumb -o "Core/Src/main.o"
arm-none-eabi-gcc -o "RTOS1.elf" @"objects.list"   -mcpu=cortex-m4 -T"C:\Users\user\OneDrive\Desktop\embdsystms\RTOS\RTOS1\STM32F401RETX_FLASH.ld" --specs=nosys.specs -Wl,-Map="RTOS1.map" -Wl,--gc-sections -static --specs=nano.specs -mfpu=fpv4-sp-d16 -mfloat-abi=hard -mthumb -Wl,--start-group -lc -lm -Wl,--end-group
Finished building target: RTOS1.elf
 
arm-none-eabi-size  RTOS1.elf 
arm-none-eabi-objdump -h -S RTOS1.elf  > "RTOS1.list"
   text	   data	    bss	    dec	    hex	filename
  20484	    108	   8160	  28752	   7050	RTOS1.elf
Finished building: default.size.stdout
 
Finished building: RTOS1.list
 
19:21:43 **** Incremental Build of configuration Debug for project RTOS1 ****
make -j8 all 
arm-none-eabi-size  RTOS1.elf 
   text	   data	    bss	    dec	    hex	filename
  20484	    108	   8160	  28752	   7050	RTOS1.elf
Finished building: default.size.stdout
 
19:46:20 **** Incremental Build of configuration Debug for project RTOS1 ****
make -j8 all 
arm-none-eabi-gcc "../Core/Src/main.c" -mcpu=cortex-m4 -std=gnu11 -g3 -DDEBUG -DUSE_HAL_DRIVER -DSTM32F401xE -c -I../Core/Inc -I../Drivers/STM32F4xx_HAL_Driver/Inc -I../Drivers/STM32F4xx_HAL_Driver/Inc/Legacy -I../Drivers/CMSIS/Device/ST/STM32F4xx/Include -I../Drivers/CMSIS/Include -I"C:/Users/user/OneDrive/Desktop/embdsystms/RTOS/RTOS1/thirdparty/freertos/include" -I"C:/Users/user/OneDrive/Desktop/embdsystms/RTOS/RTOS1/thirdparty/freertos/portable/GCC/ARM_CM4F" -I"C:/Users/user/OneDrive/Desktop/embdsystms/RTOS/RTOS1/thirdparty/freertos" -O0 -ffunction-sections -fdata-sections -Wall -fstack-usage -fcyclomatic-complexity -MMD -MP -MF"Core/Src/main.d" -MT"Core/Src/main.o" --specs=nano.specs -mfpu=fpv4-sp-d16 -mfloat-abi=hard -mthumb -o "Core/Src/main.o"
arm-none-eabi-gcc "../Core/Src/stm32f4xx_hal_msp.c" -mcpu=cortex-m4 -std=gnu11 -g3 -DDEBUG -DUSE_HAL_DRIVER -DSTM32F401xE -c -I../Core/Inc -I../Drivers/STM32F4xx_HAL_Driver/Inc -I../Drivers/STM32F4xx_HAL_Driver/Inc/Legacy -I../Drivers/CMSIS/Device/ST/STM32F4xx/Include -I../Drivers/CMSIS/Include -I"C:/Users/user/OneDrive/Desktop/embdsystms/RTOS/RTOS1/thirdparty/freertos/include" -I"C:/Users/user/OneDrive/Desktop/embdsystms/RTOS/RTOS1/thirdparty/freertos/portable/GCC/ARM_CM4F" -I"C:/Users/user/OneDrive/Desktop/embdsystms/RTOS/RTOS1/thirdparty/freertos" -O0 -ffunction-sections -fdata-sections -Wall -fstack-usage -fcyclomatic-complexity -MMD -MP -MF"Core/Src/stm32f4xx_hal_msp.d" -MT"Core/Src/stm32f4xx_hal_msp.o" --specs=nano.specs -mfpu=fpv4-sp-d16 -mfloat-abi=hard -mthumb -o "Core/Src/stm32f4xx_hal_msp.o"
arm-none-eabi-gcc "../Core/Src/stm32f4xx_it.c" -mcpu=cortex-m4 -std=gnu11 -g3 -DDEBUG -DUSE_HAL_DRIVER -DSTM32F401xE -c -I../Core/Inc -I../Drivers/STM32F4xx_HAL_Driver/Inc -I../Drivers/STM32F4xx_HAL_Driver/Inc/Legacy -I../Drivers/CMSIS/Device/ST/STM32F4xx/Include -I../Drivers/CMSIS/Include -I"C:/Users/user/OneDrive/Desktop/embdsystms/RTOS/RTOS1/thirdparty/freertos/include" -I"C:/Users/user/OneDrive/Desktop/embdsystms/RTOS/RTOS1/thirdparty/freertos/portable/GCC/ARM_CM4F" -I"C:/Users/user/OneDrive/Desktop/embdsystms/RTOS/RTOS1/thirdparty/freertos" -O0 -ffunction-sections -fdata-sections -Wall -fstack-usage -fcyclomatic-complexity -MMD -MP -MF"Core/Src/stm32f4xx_it.d" -MT"Core/Src/stm32f4xx_it.o" --specs=nano.specs -mfpu=fpv4-sp-d16 -mfloat-abi=hard -mthumb -o "Core/Src/stm32f4xx_it.o"
../Core/Src/main.c: In function 'main':
../Core/Src/main.c:80:16: warning: variable 'xReturned' set but not used [-Wunused-but-set-variable]
   80 |     BaseType_t xReturned;
      |                ^~~~~~~~~
../Core/Src/main.c: In function 'led_green_handler':
../Core/Src/main.c:255:28: error: 'GreenLed_GPIO_Port' undeclared (first use in this function); did you mean 'red_led_GPIO_Port'?
  255 |         HAL_GPIO_TogglePin(GreenLed_GPIO_Port, GreenLed_Pin);
      |                            ^~~~~~~~~~~~~~~~~~
      |                            red_led_GPIO_Port
../Core/Src/main.c:255:28: note: each undeclared identifier is reported only once for each function it appears in
../Core/Src/main.c:255:48: error: 'GreenLed_Pin' undeclared (first use in this function); did you mean 'red_led_Pin'?
  255 |         HAL_GPIO_TogglePin(GreenLed_GPIO_Port, GreenLed_Pin);
      |                                                ^~~~~~~~~~~~
      |                                                red_led_Pin
../Core/Src/main.c: In function 'led_red_handler':
../Core/Src/main.c:267:28: error: 'RedLed_GPIO_Port' undeclared (first use in this function); did you mean 'red_led_GPIO_Port'?
  267 |         HAL_GPIO_TogglePin(RedLed_GPIO_Port, RedLed_Pin);
      |                            ^~~~~~~~~~~~~~~~
      |                            red_led_GPIO_Port
../Core/Src/main.c:267:46: error: 'RedLed_Pin' undeclared (first use in this function); did you mean 'red_led_Pin'?
  267 |         HAL_GPIO_TogglePin(RedLed_GPIO_Port, RedLed_Pin);
      |                                              ^~~~~~~~~~
      |                                              red_led_Pin
../Core/Src/main.c: In function 'led_blue_handler':
../Core/Src/main.c:279:28: error: 'BlueLed_GPIO_Port' undeclared (first use in this function); did you mean 'blue_led_GPIO_Port'?
  279 |         HAL_GPIO_TogglePin(BlueLed_GPIO_Port, BlueLed_Pin);
      |                            ^~~~~~~~~~~~~~~~~
      |                            blue_led_GPIO_Port
../Core/Src/main.c:279:47: error: 'BlueLed_Pin' undeclared (first use in this function); did you mean 'blue_led_Pin'?
  279 |         HAL_GPIO_TogglePin(BlueLed_GPIO_Port, BlueLed_Pin);
      |                                               ^~~~~~~~~~~
      |                                               blue_led_Pin
make: *** [Core/Src/subdir.mk:37: Core/Src/main.o] Error 1
make: *** Waiting for unfinished jobs....
"make -j8 all" terminated with exit code 2. Build might be incomplete.
19:49:42 **** Incremental Build of configuration Debug for project RTOS1 ****
make -j8 all 
arm-none-eabi-gcc "../Core/Src/main.c" -mcpu=cortex-m4 -std=gnu11 -g3 -DDEBUG -DUSE_HAL_DRIVER -DSTM32F401xE -c -I../Core/Inc -I../Drivers/STM32F4xx_HAL_Driver/Inc -I../Drivers/STM32F4xx_HAL_Driver/Inc/Legacy -I../Drivers/CMSIS/Device/ST/STM32F4xx/Include -I../Drivers/CMSIS/Include -I"C:/Users/user/OneDrive/Desktop/embdsystms/RTOS/RTOS1/thirdparty/freertos/include" -I"C:/Users/user/OneDrive/Desktop/embdsystms/RTOS/RTOS1/thirdparty/freertos/portable/GCC/ARM_CM4F" -I"C:/Users/user/OneDrive/Desktop/embdsystms/RTOS/RTOS1/thirdparty/freertos" -O0 -ffunction-sections -fdata-sections -Wall -fstack-usage -fcyclomatic-complexity -MMD -MP -MF"Core/Src/main.d" -MT"Core/Src/main.o" --specs=nano.specs -mfpu=fpv4-sp-d16 -mfloat-abi=hard -mthumb -o "Core/Src/main.o"
../Core/Src/main.c: In function 'main':
../Core/Src/main.c:80:16: warning: variable 'xReturned' set but not used [-Wunused-but-set-variable]
   80 |     BaseType_t xReturned;
      |                ^~~~~~~~~
../Core/Src/main.c: In function 'led_green_handler':
../Core/Src/main.c:255:28: error: 'GreenLed_GPIO_Port' undeclared (first use in this function); did you mean 'red_led_GPIO_Port'?
  255 |         HAL_GPIO_TogglePin(GreenLed_GPIO_Port, GreenLed_Pin);
      |                            ^~~~~~~~~~~~~~~~~~
      |                            red_led_GPIO_Port
../Core/Src/main.c:255:28: note: each undeclared identifier is reported only once for each function it appears in
../Core/Src/main.c:255:48: error: 'GreenLed_Pin' undeclared (first use in this function); did you mean 'red_led_Pin'?
  255 |         HAL_GPIO_TogglePin(GreenLed_GPIO_Port, GreenLed_Pin);
      |                                                ^~~~~~~~~~~~
      |                                                red_led_Pin
../Core/Src/main.c: In function 'led_red_handler':
../Core/Src/main.c:267:47: error: 'redled_Pin' undeclared (first use in this function); did you mean 'red_led_Pin'?
  267 |         HAL_GPIO_TogglePin(red_led_GPIO_Port, redled_Pin);
      |                                               ^~~~~~~~~~
      |                                               red_led_Pin
../Core/Src/main.c: In function 'led_blue_handler':
../Core/Src/main.c:279:48: error: 'blueled_Pin' undeclared (first use in this function); did you mean 'blue_led_Pin'?
  279 |         HAL_GPIO_TogglePin(blue_led_GPIO_Port, blueled_Pin);
      |                                                ^~~~~~~~~~~
      |                                                blue_led_Pin
make: *** [Core/Src/subdir.mk:37: Core/Src/main.o] Error 1
"make -j8 all" terminated with exit code 2. Build might be incomplete.
19:50:12 **** Incremental Build of configuration Debug for project RTOS1 ****
make -j8 all 
arm-none-eabi-gcc "../Core/Src/main.c" -mcpu=cortex-m4 -std=gnu11 -g3 -DDEBUG -DUSE_HAL_DRIVER -DSTM32F401xE -c -I../Core/Inc -I../Drivers/STM32F4xx_HAL_Driver/Inc -I../Drivers/STM32F4xx_HAL_Driver/Inc/Legacy -I../Drivers/CMSIS/Device/ST/STM32F4xx/Include -I../Drivers/CMSIS/Include -I"C:/Users/user/OneDrive/Desktop/embdsystms/RTOS/RTOS1/thirdparty/freertos/include" -I"C:/Users/user/OneDrive/Desktop/embdsystms/RTOS/RTOS1/thirdparty/freertos/portable/GCC/ARM_CM4F" -I"C:/Users/user/OneDrive/Desktop/embdsystms/RTOS/RTOS1/thirdparty/freertos" -O0 -ffunction-sections -fdata-sections -Wall -fstack-usage -fcyclomatic-complexity -MMD -MP -MF"Core/Src/main.d" -MT"Core/Src/main.o" --specs=nano.specs -mfpu=fpv4-sp-d16 -mfloat-abi=hard -mthumb -o "Core/Src/main.o"
../Core/Src/main.c: In function 'main':
../Core/Src/main.c:80:16: warning: variable 'xReturned' set but not used [-Wunused-but-set-variable]
   80 |     BaseType_t xReturned;
      |                ^~~~~~~~~
../Core/Src/main.c: In function 'led_green_handler':
../Core/Src/main.c:255:28: error: 'GreenLed_GPIO_Port' undeclared (first use in this function); did you mean 'red_led_GPIO_Port'?
  255 |         HAL_GPIO_TogglePin(GreenLed_GPIO_Port, GreenLed_Pin);
      |                            ^~~~~~~~~~~~~~~~~~
      |                            red_led_GPIO_Port
../Core/Src/main.c:255:28: note: each undeclared identifier is reported only once for each function it appears in
../Core/Src/main.c:255:48: error: 'GreenLed_Pin' undeclared (first use in this function); did you mean 'red_led_Pin'?
  255 |         HAL_GPIO_TogglePin(GreenLed_GPIO_Port, GreenLed_Pin);
      |                                                ^~~~~~~~~~~~
      |                                                red_led_Pin
make: *** [Core/Src/subdir.mk:37: Core/Src/main.o] Error 1
"make -j8 all" terminated with exit code 2. Build might be incomplete.
19:50:47 **** Incremental Build of configuration Debug for project RTOS1 ****
make -j8 all 
arm-none-eabi-gcc "../Core/Src/main.c" -mcpu=cortex-m4 -std=gnu11 -g3 -DDEBUG -DUSE_HAL_DRIVER -DSTM32F401xE -c -I../Core/Inc -I../Drivers/STM32F4xx_HAL_Driver/Inc -I../Drivers/STM32F4xx_HAL_Driver/Inc/Legacy -I../Drivers/CMSIS/Device/ST/STM32F4xx/Include -I../Drivers/CMSIS/Include -I"C:/Users/user/OneDrive/Desktop/embdsystms/RTOS/RTOS1/thirdparty/freertos/include" -I"C:/Users/user/OneDrive/Desktop/embdsystms/RTOS/RTOS1/thirdparty/freertos/portable/GCC/ARM_CM4F" -I"C:/Users/user/OneDrive/Desktop/embdsystms/RTOS/RTOS1/thirdparty/freertos" -O0 -ffunction-sections -fdata-sections -Wall -fstack-usage -fcyclomatic-complexity -MMD -MP -MF"Core/Src/main.d" -MT"Core/Src/main.o" --specs=nano.specs -mfpu=fpv4-sp-d16 -mfloat-abi=hard -mthumb -o "Core/Src/main.o"
../Core/Src/main.c: In function 'main':
../Core/Src/main.c:80:16: warning: variable 'xReturned' set but not used [-Wunused-but-set-variable]
   80 |     BaseType_t xReturned;
      |                ^~~~~~~~~
../Core/Src/main.c: In function 'led_green_handler':
../Core/Src/main.c:255:28: error: 'GreenLed_GPIO_Port' undeclared (first use in this function); did you mean 'red_led_GPIO_Port'?
  255 |         HAL_GPIO_TogglePin(GreenLed_GPIO_Port, Green_Led_Pin);
      |                            ^~~~~~~~~~~~~~~~~~
      |                            red_led_GPIO_Port
../Core/Src/main.c:255:28: note: each undeclared identifier is reported only once for each function it appears in
../Core/Src/main.c:255:48: error: 'Green_Led_Pin' undeclared (first use in this function); did you mean 'red_led_Pin'?
  255 |         HAL_GPIO_TogglePin(GreenLed_GPIO_Port, Green_Led_Pin);
      |                                                ^~~~~~~~~~~~~
      |                                                red_led_Pin
make: *** [Core/Src/subdir.mk:37: Core/Src/main.o] Error 1
"make -j8 all" terminated with exit code 2. Build might be incomplete.
19:52:51 **** Incremental Build of configuration Debug for project RTOS1 ****
make -j8 all 
arm-none-eabi-gcc "../Core/Src/main.c" -mcpu=cortex-m4 -std=gnu11 -g3 -DDEBUG -DUSE_HAL_DRIVER -DSTM32F401xE -c -I../Core/Inc -I../Drivers/STM32F4xx_HAL_Driver/Inc -I../Drivers/STM32F4xx_HAL_Driver/Inc/Legacy -I../Drivers/CMSIS/Device/ST/STM32F4xx/Include -I../Drivers/CMSIS/Include -I"C:/Users/user/OneDrive/Desktop/embdsystms/RTOS/RTOS1/thirdparty/freertos/include" -I"C:/Users/user/OneDrive/Desktop/embdsystms/RTOS/RTOS1/thirdparty/freertos/portable/GCC/ARM_CM4F" -I"C:/Users/user/OneDrive/Desktop/embdsystms/RTOS/RTOS1/thirdparty/freertos" -O0 -ffunction-sections -fdata-sections -Wall -fstack-usage -fcyclomatic-complexity -MMD -MP -MF"Core/Src/main.d" -MT"Core/Src/main.o" --specs=nano.specs -mfpu=fpv4-sp-d16 -mfloat-abi=hard -mthumb -o "Core/Src/main.o"
../Core/Src/main.c: In function 'main':
../Core/Src/main.c:80:16: warning: variable 'xReturned' set but not used [-Wunused-but-set-variable]
   80 |     BaseType_t xReturned;
      |                ^~~~~~~~~
../Core/Src/main.c: In function 'led_green_handler':
../Core/Src/main.c:255:28: error: 'Green_Led_GPIO_Port' undeclared (first use in this function); did you mean 'red_led_GPIO_Port'?
  255 |         HAL_GPIO_TogglePin(Green_Led_GPIO_Port, Green_Led_Pin);
      |                            ^~~~~~~~~~~~~~~~~~~
      |                            red_led_GPIO_Port
../Core/Src/main.c:255:28: note: each undeclared identifier is reported only once for each function it appears in
../Core/Src/main.c:255:49: error: 'Green_Led_Pin' undeclared (first use in this function); did you mean 'red_led_Pin'?
  255 |         HAL_GPIO_TogglePin(Green_Led_GPIO_Port, Green_Led_Pin);
      |                                                 ^~~~~~~~~~~~~
      |                                                 red_led_Pin
make: *** [Core/Src/subdir.mk:37: Core/Src/main.o] Error 1
"make -j8 all" terminated with exit code 2. Build might be incomplete.
19:54:14 **** Incremental Build of configuration Debug for project RTOS1 ****
make -j8 all 
arm-none-eabi-gcc "../Core/Src/main.c" -mcpu=cortex-m4 -std=gnu11 -g3 -DDEBUG -DUSE_HAL_DRIVER -DSTM32F401xE -c -I../Core/Inc -I../Drivers/STM32F4xx_HAL_Driver/Inc -I../Drivers/STM32F4xx_HAL_Driver/Inc/Legacy -I../Drivers/CMSIS/Device/ST/STM32F4xx/Include -I../Drivers/CMSIS/Include -I"C:/Users/user/OneDrive/Desktop/embdsystms/RTOS/RTOS1/thirdparty/freertos/include" -I"C:/Users/user/OneDrive/Desktop/embdsystms/RTOS/RTOS1/thirdparty/freertos/portable/GCC/ARM_CM4F" -I"C:/Users/user/OneDrive/Desktop/embdsystms/RTOS/RTOS1/thirdparty/freertos" -O0 -ffunction-sections -fdata-sections -Wall -fstack-usage -fcyclomatic-complexity -MMD -MP -MF"Core/Src/main.d" -MT"Core/Src/main.o" --specs=nano.specs -mfpu=fpv4-sp-d16 -mfloat-abi=hard -mthumb -o "Core/Src/main.o"
../Core/Src/main.c: In function 'main':
../Core/Src/main.c:80:16: warning: variable 'xReturned' set but not used [-Wunused-but-set-variable]
   80 |     BaseType_t xReturned;
      |                ^~~~~~~~~
../Core/Src/main.c: In function 'led_green_handler':
../Core/Src/main.c:255:28: error: 'Green_Led_GPIO_Port' undeclared (first use in this function); did you mean 'red_led_GPIO_Port'?
  255 |         HAL_GPIO_TogglePin(Green_Led_GPIO_Port, Green_Led_Pin);
      |                            ^~~~~~~~~~~~~~~~~~~
      |                            red_led_GPIO_Port
../Core/Src/main.c:255:28: note: each undeclared identifier is reported only once for each function it appears in
../Core/Src/main.c:255:49: error: 'Green_Led_Pin' undeclared (first use in this function); did you mean 'red_led_Pin'?
  255 |         HAL_GPIO_TogglePin(Green_Led_GPIO_Port, Green_Led_Pin);
      |                                                 ^~~~~~~~~~~~~
      |                                                 red_led_Pin
make: *** [Core/Src/subdir.mk:37: Core/Src/main.o] Error 1
"make -j8 all" terminated with exit code 2. Build might be incomplete.
19:55:34 **** Clean-only build of configuration Debug for project RTOS1 ****
make -j8 clean 
rm -rf ./thirdparty/freertos/portable/MemMang/heap_4.cyclo ./thirdparty/freertos/portable/MemMang/heap_4.d ./thirdparty/freertos/portable/MemMang/heap_4.o ./thirdparty/freertos/portable/MemMang/heap_4.su
rm -rf ./thirdparty/freertos/portable/GCC/ARM_CM4F/port.cyclo ./thirdparty/freertos/portable/GCC/ARM_CM4F/port.d ./thirdparty/freertos/portable/GCC/ARM_CM4F/port.o ./thirdparty/freertos/portable/GCC/ARM_CM4F/port.su
rm -rf ./thirdparty/freertos/croutine.cyclo ./thirdparty/freertos/croutine.d ./thirdparty/freertos/croutine.o ./thirdparty/freertos/croutine.su ./thirdparty/freertos/event_groups.cyclo ./thirdparty/freertos/event_groups.d ./thirdparty/freertos/event_groups.o ./thirdparty/freertos/event_groups.su ./thirdparty/freertos/list.cyclo ./thirdparty/freertos/list.d ./thirdparty/freertos/list.o ./thirdparty/freertos/list.su ./thirdparty/freertos/queue.cyclo ./thirdparty/freertos/queue.d ./thirdparty/freertos/queue.o ./thirdparty/freertos/queue.su ./thirdparty/freertos/stream_buffer.cyclo ./thirdparty/freertos/stream_buffer.d ./thirdparty/freertos/stream_buffer.o ./thirdparty/freertos/stream_buffer.su ./thirdparty/freertos/tasks.cyclo ./thirdparty/freertos/tasks.d ./thirdparty/freertos/tasks.o ./thirdparty/freertos/tasks.su ./thirdparty/freertos/timers.cyclo ./thirdparty/freertos/timers.d ./thirdparty/freertos/timers.o ./thirdparty/freertos/timers.su
rm -rf ./Drivers/STM32F4xx_HAL_Driver/Src/stm32f4xx_hal.cyclo ./Drivers/STM32F4xx_HAL_Driver/Src/stm32f4xx_hal.d ./Drivers/STM32F4xx_HAL_Driver/Src/stm32f4xx_hal.o ./Drivers/STM32F4xx_HAL_Driver/Src/stm32f4xx_hal.su ./Drivers/STM32F4xx_HAL_Driver/Src/stm32f4xx_hal_cortex.cyclo ./Drivers/STM32F4xx_HAL_Driver/Src/stm32f4xx_hal_cortex.d ./Drivers/STM32F4xx_HAL_Driver/Src/stm32f4xx_hal_cortex.o ./Drivers/STM32F4xx_HAL_Driver/Src/stm32f4xx_hal_cortex.su ./Drivers/STM32F4xx_HAL_Driver/Src/stm32f4xx_hal_dma.cyclo ./Drivers/STM32F4xx_HAL_Driver/Src/stm32f4xx_hal_dma.d ./Drivers/STM32F4xx_HAL_Driver/Src/stm32f4xx_hal_dma.o ./Drivers/STM32F4xx_HAL_Driver/Src/stm32f4xx_hal_dma.su ./Drivers/STM32F4xx_HAL_Driver/Src/stm32f4xx_hal_dma_ex.cyclo ./Drivers/STM32F4xx_HAL_Driver/Src/stm32f4xx_hal_dma_ex.d ./Drivers/STM32F4xx_HAL_Driver/Src/stm32f4xx_hal_dma_ex.o ./Drivers/STM32F4xx_HAL_Driver/Src/stm32f4xx_hal_dma_ex.su ./Drivers/STM32F4xx_HAL_Driver/Src/stm32f4xx_hal_exti.cyclo ./Drivers/STM32F4xx_HAL_Driver/Src/stm32f4xx_hal_exti.d ./Drivers/STM32F4xx_HAL_Driver/Src/stm32f4xx_hal_exti.o ./Drivers/STM32F4xx_HAL_Driver/Src/stm32f4xx_hal_exti.su ./Drivers/STM32F4xx_HAL_Driver/Src/stm32f4xx_hal_flash.cyclo ./Drivers/STM32F4xx_HAL_Driver/Src/stm32f4xx_hal_flash.d ./Drivers/STM32F4xx_HAL_Driver/Src/stm32f4xx_hal_flash.o ./Drivers/STM32F4xx_HAL_Driver/Src/stm32f4xx_hal_flash.su ./Drivers/STM32F4xx_HAL_Driver/Src/stm32f4xx_hal_flash_ex.cyclo ./Drivers/STM32F4xx_HAL_Driver/Src/stm32f4xx_hal_flash_ex.d ./Drivers/STM32F4xx_HAL_Driver/Src/stm32f4xx_hal_flash_ex.o ./Drivers/STM32F4xx_HAL_Driver/Src/stm32f4xx_hal_flash_ex.su ./Drivers/STM32F4xx_HAL_Driver/Src/stm32f4xx_hal_flash_ramfunc.cyclo ./Drivers/STM32F4xx_HAL_Driver/Src/stm32f4xx_hal_flash_ramfunc.d ./Drivers/STM32F4xx_HAL_Driver/Src/stm32f4xx_hal_flash_ramfunc.o ./Drivers/STM32F4xx_HAL_Driver/Src/stm32f4xx_hal_flash_ramfunc.su ./Drivers/STM32F4xx_HAL_Driver/Src/stm32f4xx_hal_gpio.cyclo ./Drivers/STM32F4xx_HAL_Driver/Src/stm32f4xx_hal_gpio.d ./Drivers/STM32F4xx_HAL_Driver/Src/stm32f4xx_hal_gpio.o ./Drivers/STM32F4xx_HAL_Driver/Src/stm32f4xx_hal_gpio.su ./Drivers/STM32F4xx_HAL_Driver/Src/stm32f4xx_hal_pwr.cyclo ./Drivers/STM32F4xx_HAL_Driver/Src/stm32f4xx_hal_pwr.d ./Drivers/STM32F4xx_HAL_Driver/Src/stm32f4xx_hal_pwr.o ./Drivers/STM32F4xx_HAL_Driver/Src/stm32f4xx_hal_pwr.su ./Drivers/STM32F4xx_HAL_Driver/Src/stm32f4xx_hal_pwr_ex.cyclo ./Drivers/STM32F4xx_HAL_Driver/Src/stm32f4xx_hal_pwr_ex.d ./Drivers/STM32F4xx_HAL_Driver/Src/stm32f4xx_hal_pwr_ex.o ./Drivers/STM32F4xx_HAL_Driver/Src/stm32f4xx_hal_pwr_ex.su ./Drivers/STM32F4xx_HAL_Driver/Src/stm32f4xx_hal_rcc.cyclo ./Drivers/STM32F4xx_HAL_Driver/Src/stm32f4xx_hal_rcc.d ./Drivers/STM32F4xx_HAL_Driver/Src/stm32f4xx_hal_rcc.o ./Drivers/STM32F4xx_HAL_Driver/Src/stm32f4xx_hal_rcc.su ./Drivers/STM32F4xx_HAL_Driver/Src/stm32f4xx_hal_rcc_ex.cyclo ./Drivers/STM32F4xx_HAL_Driver/Src/stm32f4xx_hal_rcc_ex.d ./Drivers/STM32F4xx_HAL_Driver/Src/stm32f4xx_hal_rcc_ex.o ./Drivers/STM32F4xx_HAL_Driver/Src/stm32f4xx_hal_rcc_ex.su ./Drivers/STM32F4xx_HAL_Driver/Src/stm32f4xx_hal_tim.cyclo ./Drivers/STM32F4xx_HAL_Driver/Src/stm32f4xx_hal_tim.d ./Drivers/STM32F4xx_HAL_Driver/Src/stm32f4xx_hal_tim.o ./Drivers/STM32F4xx_HAL_Driver/Src/stm32f4xx_hal_tim.su ./Drivers/STM32F4xx_HAL_Driver/Src/stm32f4xx_hal_tim_ex.cyclo ./Drivers/STM32F4xx_HAL_Driver/Src/stm32f4xx_hal_tim_ex.d ./Drivers/STM32F4xx_HAL_Driver/Src/stm32f4xx_hal_tim_ex.o ./Drivers/STM32F4xx_HAL_Driver/Src/stm32f4xx_hal_tim_ex.su
rm -rf ./Core/Startup/startup_stm32f401retx.d ./Core/Startup/startup_stm32f401retx.o
rm -rf ./Core/Src/main.cyclo ./Core/Src/main.d ./Core/Src/main.o ./Core/Src/main.su ./Core/Src/stm32f4xx_hal_msp.cyclo ./Core/Src/stm32f4xx_hal_msp.d ./Core/Src/stm32f4xx_hal_msp.o ./Core/Src/stm32f4xx_hal_msp.su ./Core/Src/stm32f4xx_hal_timebase_tim.cyclo ./Core/Src/stm32f4xx_hal_timebase_tim.d ./Core/Src/stm32f4xx_hal_timebase_tim.o ./Core/Src/stm32f4xx_hal_timebase_tim.su ./Core/Src/stm32f4xx_it.cyclo ./Core/Src/stm32f4xx_it.d ./Core/Src/stm32f4xx_it.o ./Core/Src/stm32f4xx_it.su ./Core/Src/syscalls.cyclo ./Core/Src/syscalls.d ./Core/Src/syscalls.o ./Core/Src/syscalls.su ./Core/Src/sysmem.cyclo ./Core/Src/sysmem.d ./Core/Src/sysmem.o ./Core/Src/sysmem.su ./Core/Src/system_stm32f4xx.cyclo ./Core/Src/system_stm32f4xx.d ./Core/Src/system_stm32f4xx.o ./Core/Src/system_stm32f4xx.su
rm -rf RTOS1.elf RTOS1.list RTOS1.map default.size.stdout
 
19:55:36 **** Build of configuration Debug for project RTOS1 ****
make -j8 all 
arm-none-eabi-gcc "../thirdparty/freertos/portable/MemMang/heap_4.c" -mcpu=cortex-m4 -std=gnu11 -g3 -DDEBUG -DUSE_HAL_DRIVER -DSTM32F401xE -c -I../Core/Inc -I../Drivers/STM32F4xx_HAL_Driver/Inc -I../Drivers/STM32F4xx_HAL_Driver/Inc/Legacy -I../Drivers/CMSIS/Device/ST/STM32F4xx/Include -I../Drivers/CMSIS/Include -I"C:/Users/user/OneDrive/Desktop/embdsystms/RTOS/RTOS1/thirdparty/freertos/include" -I"C:/Users/user/OneDrive/Desktop/embdsystms/RTOS/RTOS1/thirdparty/freertos/portable/GCC/ARM_CM4F" -I"C:/Users/user/OneDrive/Desktop/embdsystms/RTOS/RTOS1/thirdparty/freertos" -O0 -ffunction-sections -fdata-sections -Wall -fstack-usage -fcyclomatic-complexity -MMD -MP -MF"thirdparty/freertos/portable/MemMang/heap_4.d" -MT"thirdparty/freertos/portable/MemMang/heap_4.o" --specs=nano.specs -mfpu=fpv4-sp-d16 -mfloat-abi=hard -mthumb -o "thirdparty/freertos/portable/MemMang/heap_4.o"
arm-none-eabi-gcc "../thirdparty/freertos/portable/GCC/ARM_CM4F/port.c" -mcpu=cortex-m4 -std=gnu11 -g3 -DDEBUG -DUSE_HAL_DRIVER -DSTM32F401xE -c -I../Core/Inc -I../Drivers/STM32F4xx_HAL_Driver/Inc -I../Drivers/STM32F4xx_HAL_Driver/Inc/Legacy -I../Drivers/CMSIS/Device/ST/STM32F4xx/Include -I../Drivers/CMSIS/Include -I"C:/Users/user/OneDrive/Desktop/embdsystms/RTOS/RTOS1/thirdparty/freertos/include" -I"C:/Users/user/OneDrive/Desktop/embdsystms/RTOS/RTOS1/thirdparty/freertos/portable/GCC/ARM_CM4F" -I"C:/Users/user/OneDrive/Desktop/embdsystms/RTOS/RTOS1/thirdparty/freertos" -O0 -ffunction-sections -fdata-sections -Wall -fstack-usage -fcyclomatic-complexity -MMD -MP -MF"thirdparty/freertos/portable/GCC/ARM_CM4F/port.d" -MT"thirdparty/freertos/portable/GCC/ARM_CM4F/port.o" --specs=nano.specs -mfpu=fpv4-sp-d16 -mfloat-abi=hard -mthumb -o "thirdparty/freertos/portable/GCC/ARM_CM4F/port.o"
arm-none-eabi-gcc "../thirdparty/freertos/croutine.c" -mcpu=cortex-m4 -std=gnu11 -g3 -DDEBUG -DUSE_HAL_DRIVER -DSTM32F401xE -c -I../Core/Inc -I../Drivers/STM32F4xx_HAL_Driver/Inc -I../Drivers/STM32F4xx_HAL_Driver/Inc/Legacy -I../Drivers/CMSIS/Device/ST/STM32F4xx/Include -I../Drivers/CMSIS/Include -I"C:/Users/user/OneDrive/Desktop/embdsystms/RTOS/RTOS1/thirdparty/freertos/include" -I"C:/Users/user/OneDrive/Desktop/embdsystms/RTOS/RTOS1/thirdparty/freertos/portable/GCC/ARM_CM4F" -I"C:/Users/user/OneDrive/Desktop/embdsystms/RTOS/RTOS1/thirdparty/freertos" -O0 -ffunction-sections -fdata-sections -Wall -fstack-usage -fcyclomatic-complexity -MMD -MP -MF"thirdparty/freertos/croutine.d" -MT"thirdparty/freertos/croutine.o" --specs=nano.specs -mfpu=fpv4-sp-d16 -mfloat-abi=hard -mthumb -o "thirdparty/freertos/croutine.o"
arm-none-eabi-gcc "../thirdparty/freertos/event_groups.c" -mcpu=cortex-m4 -std=gnu11 -g3 -DDEBUG -DUSE_HAL_DRIVER -DSTM32F401xE -c -I../Core/Inc -I../Drivers/STM32F4xx_HAL_Driver/Inc -I../Drivers/STM32F4xx_HAL_Driver/Inc/Legacy -I../Drivers/CMSIS/Device/ST/STM32F4xx/Include -I../Drivers/CMSIS/Include -I"C:/Users/user/OneDrive/Desktop/embdsystms/RTOS/RTOS1/thirdparty/freertos/include" -I"C:/Users/user/OneDrive/Desktop/embdsystms/RTOS/RTOS1/thirdparty/freertos/portable/GCC/ARM_CM4F" -I"C:/Users/user/OneDrive/Desktop/embdsystms/RTOS/RTOS1/thirdparty/freertos" -O0 -ffunction-sections -fdata-sections -Wall -fstack-usage -fcyclomatic-complexity -MMD -MP -MF"thirdparty/freertos/event_groups.d" -MT"thirdparty/freertos/event_groups.o" --specs=nano.specs -mfpu=fpv4-sp-d16 -mfloat-abi=hard -mthumb -o "thirdparty/freertos/event_groups.o"
arm-none-eabi-gcc "../thirdparty/freertos/list.c" -mcpu=cortex-m4 -std=gnu11 -g3 -DDEBUG -DUSE_HAL_DRIVER -DSTM32F401xE -c -I../Core/Inc -I../Drivers/STM32F4xx_HAL_Driver/Inc -I../Drivers/STM32F4xx_HAL_Driver/Inc/Legacy -I../Drivers/CMSIS/Device/ST/STM32F4xx/Include -I../Drivers/CMSIS/Include -I"C:/Users/user/OneDrive/Desktop/embdsystms/RTOS/RTOS1/thirdparty/freertos/include" -I"C:/Users/user/OneDrive/Desktop/embdsystms/RTOS/RTOS1/thirdparty/freertos/portable/GCC/ARM_CM4F" -I"C:/Users/user/OneDrive/Desktop/embdsystms/RTOS/RTOS1/thirdparty/freertos" -O0 -ffunction-sections -fdata-sections -Wall -fstack-usage -fcyclomatic-complexity -MMD -MP -MF"thirdparty/freertos/list.d" -MT"thirdparty/freertos/list.o" --specs=nano.specs -mfpu=fpv4-sp-d16 -mfloat-abi=hard -mthumb -o "thirdparty/freertos/list.o"
arm-none-eabi-gcc "../thirdparty/freertos/queue.c" -mcpu=cortex-m4 -std=gnu11 -g3 -DDEBUG -DUSE_HAL_DRIVER -DSTM32F401xE -c -I../Core/Inc -I../Drivers/STM32F4xx_HAL_Driver/Inc -I../Drivers/STM32F4xx_HAL_Driver/Inc/Legacy -I../Drivers/CMSIS/Device/ST/STM32F4xx/Include -I../Drivers/CMSIS/Include -I"C:/Users/user/OneDrive/Desktop/embdsystms/RTOS/RTOS1/thirdparty/freertos/include" -I"C:/Users/user/OneDrive/Desktop/embdsystms/RTOS/RTOS1/thirdparty/freertos/portable/GCC/ARM_CM4F" -I"C:/Users/user/OneDrive/Desktop/embdsystms/RTOS/RTOS1/thirdparty/freertos" -O0 -ffunction-sections -fdata-sections -Wall -fstack-usage -fcyclomatic-complexity -MMD -MP -MF"thirdparty/freertos/queue.d" -MT"thirdparty/freertos/queue.o" --specs=nano.specs -mfpu=fpv4-sp-d16 -mfloat-abi=hard -mthumb -o "thirdparty/freertos/queue.o"
arm-none-eabi-gcc "../thirdparty/freertos/stream_buffer.c" -mcpu=cortex-m4 -std=gnu11 -g3 -DDEBUG -DUSE_HAL_DRIVER -DSTM32F401xE -c -I../Core/Inc -I../Drivers/STM32F4xx_HAL_Driver/Inc -I../Drivers/STM32F4xx_HAL_Driver/Inc/Legacy -I../Drivers/CMSIS/Device/ST/STM32F4xx/Include -I../Drivers/CMSIS/Include -I"C:/Users/user/OneDrive/Desktop/embdsystms/RTOS/RTOS1/thirdparty/freertos/include" -I"C:/Users/user/OneDrive/Desktop/embdsystms/RTOS/RTOS1/thirdparty/freertos/portable/GCC/ARM_CM4F" -I"C:/Users/user/OneDrive/Desktop/embdsystms/RTOS/RTOS1/thirdparty/freertos" -O0 -ffunction-sections -fdata-sections -Wall -fstack-usage -fcyclomatic-complexity -MMD -MP -MF"thirdparty/freertos/stream_buffer.d" -MT"thirdparty/freertos/stream_buffer.o" --specs=nano.specs -mfpu=fpv4-sp-d16 -mfloat-abi=hard -mthumb -o "thirdparty/freertos/stream_buffer.o"
arm-none-eabi-gcc "../thirdparty/freertos/tasks.c" -mcpu=cortex-m4 -std=gnu11 -g3 -DDEBUG -DUSE_HAL_DRIVER -DSTM32F401xE -c -I../Core/Inc -I../Drivers/STM32F4xx_HAL_Driver/Inc -I../Drivers/STM32F4xx_HAL_Driver/Inc/Legacy -I../Drivers/CMSIS/Device/ST/STM32F4xx/Include -I../Drivers/CMSIS/Include -I"C:/Users/user/OneDrive/Desktop/embdsystms/RTOS/RTOS1/thirdparty/freertos/include" -I"C:/Users/user/OneDrive/Desktop/embdsystms/RTOS/RTOS1/thirdparty/freertos/portable/GCC/ARM_CM4F" -I"C:/Users/user/OneDrive/Desktop/embdsystms/RTOS/RTOS1/thirdparty/freertos" -O0 -ffunction-sections -fdata-sections -Wall -fstack-usage -fcyclomatic-complexity -MMD -MP -MF"thirdparty/freertos/tasks.d" -MT"thirdparty/freertos/tasks.o" --specs=nano.specs -mfpu=fpv4-sp-d16 -mfloat-abi=hard -mthumb -o "thirdparty/freertos/tasks.o"
../thirdparty/freertos/portable/GCC/ARM_CM4F/port.c: In function 'xPortStartScheduler':
../thirdparty/freertos/portable/GCC/ARM_CM4F/port.c:327:33: warning: unused variable 'pxVectorTable' [-Wunused-variable]
  327 |         const portISR_t * const pxVectorTable = portSCB_VTOR_REG;
      |                                 ^~~~~~~~~~~~~
arm-none-eabi-gcc "../thirdparty/freertos/timers.c" -mcpu=cortex-m4 -std=gnu11 -g3 -DDEBUG -DUSE_HAL_DRIVER -DSTM32F401xE -c -I../Core/Inc -I../Drivers/STM32F4xx_HAL_Driver/Inc -I../Drivers/STM32F4xx_HAL_Driver/Inc/Legacy -I../Drivers/CMSIS/Device/ST/STM32F4xx/Include -I../Drivers/CMSIS/Include -I"C:/Users/user/OneDrive/Desktop/embdsystms/RTOS/RTOS1/thirdparty/freertos/include" -I"C:/Users/user/OneDrive/Desktop/embdsystms/RTOS/RTOS1/thirdparty/freertos/portable/GCC/ARM_CM4F" -I"C:/Users/user/OneDrive/Desktop/embdsystms/RTOS/RTOS1/thirdparty/freertos" -O0 -ffunction-sections -fdata-sections -Wall -fstack-usage -fcyclomatic-complexity -MMD -MP -MF"thirdparty/freertos/timers.d" -MT"thirdparty/freertos/timers.o" --specs=nano.specs -mfpu=fpv4-sp-d16 -mfloat-abi=hard -mthumb -o "thirdparty/freertos/timers.o"
arm-none-eabi-gcc "../Drivers/STM32F4xx_HAL_Driver/Src/stm32f4xx_hal.c" -mcpu=cortex-m4 -std=gnu11 -g3 -DDEBUG -DUSE_HAL_DRIVER -DSTM32F401xE -c -I../Core/Inc -I../Drivers/STM32F4xx_HAL_Driver/Inc -I../Drivers/STM32F4xx_HAL_Driver/Inc/Legacy -I../Drivers/CMSIS/Device/ST/STM32F4xx/Include -I../Drivers/CMSIS/Include -I"C:/Users/user/OneDrive/Desktop/embdsystms/RTOS/RTOS1/thirdparty/freertos/include" -I"C:/Users/user/OneDrive/Desktop/embdsystms/RTOS/RTOS1/thirdparty/freertos/portable/GCC/ARM_CM4F" -I"C:/Users/user/OneDrive/Desktop/embdsystms/RTOS/RTOS1/thirdparty/freertos" -O0 -ffunction-sections -fdata-sections -Wall -fstack-usage -fcyclomatic-complexity -MMD -MP -MF"Drivers/STM32F4xx_HAL_Driver/Src/stm32f4xx_hal.d" -MT"Drivers/STM32F4xx_HAL_Driver/Src/stm32f4xx_hal.o" --specs=nano.specs -mfpu=fpv4-sp-d16 -mfloat-abi=hard -mthumb -o "Drivers/STM32F4xx_HAL_Driver/Src/stm32f4xx_hal.o"
arm-none-eabi-gcc "../Drivers/STM32F4xx_HAL_Driver/Src/stm32f4xx_hal_cortex.c" -mcpu=cortex-m4 -std=gnu11 -g3 -DDEBUG -DUSE_HAL_DRIVER -DSTM32F401xE -c -I../Core/Inc -I../Drivers/STM32F4xx_HAL_Driver/Inc -I../Drivers/STM32F4xx_HAL_Driver/Inc/Legacy -I../Drivers/CMSIS/Device/ST/STM32F4xx/Include -I../Drivers/CMSIS/Include -I"C:/Users/user/OneDrive/Desktop/embdsystms/RTOS/RTOS1/thirdparty/freertos/include" -I"C:/Users/user/OneDrive/Desktop/embdsystms/RTOS/RTOS1/thirdparty/freertos/portable/GCC/ARM_CM4F" -I"C:/Users/user/OneDrive/Desktop/embdsystms/RTOS/RTOS1/thirdparty/freertos" -O0 -ffunction-sections -fdata-sections -Wall -fstack-usage -fcyclomatic-complexity -MMD -MP -MF"Drivers/STM32F4xx_HAL_Driver/Src/stm32f4xx_hal_cortex.d" -MT"Drivers/STM32F4xx_HAL_Driver/Src/stm32f4xx_hal_cortex.o" --specs=nano.specs -mfpu=fpv4-sp-d16 -mfloat-abi=hard -mthumb -o "Drivers/STM32F4xx_HAL_Driver/Src/stm32f4xx_hal_cortex.o"
arm-none-eabi-gcc "../Drivers/STM32F4xx_HAL_Driver/Src/stm32f4xx_hal_dma.c" -mcpu=cortex-m4 -std=gnu11 -g3 -DDEBUG -DUSE_HAL_DRIVER -DSTM32F401xE -c -I../Core/Inc -I../Drivers/STM32F4xx_HAL_Driver/Inc -I../Drivers/STM32F4xx_HAL_Driver/Inc/Legacy -I../Drivers/CMSIS/Device/ST/STM32F4xx/Include -I../Drivers/CMSIS/Include -I"C:/Users/user/OneDrive/Desktop/embdsystms/RTOS/RTOS1/thirdparty/freertos/include" -I"C:/Users/user/OneDrive/Desktop/embdsystms/RTOS/RTOS1/thirdparty/freertos/portable/GCC/ARM_CM4F" -I"C:/Users/user/OneDrive/Desktop/embdsystms/RTOS/RTOS1/thirdparty/freertos" -O0 -ffunction-sections -fdata-sections -Wall -fstack-usage -fcyclomatic-complexity -MMD -MP -MF"Drivers/STM32F4xx_HAL_Driver/Src/stm32f4xx_hal_dma.d" -MT"Drivers/STM32F4xx_HAL_Driver/Src/stm32f4xx_hal_dma.o" --specs=nano.specs -mfpu=fpv4-sp-d16 -mfloat-abi=hard -mthumb -o "Drivers/STM32F4xx_HAL_Driver/Src/stm32f4xx_hal_dma.o"
arm-none-eabi-gcc "../Drivers/STM32F4xx_HAL_Driver/Src/stm32f4xx_hal_dma_ex.c" -mcpu=cortex-m4 -std=gnu11 -g3 -DDEBUG -DUSE_HAL_DRIVER -DSTM32F401xE -c -I../Core/Inc -I../Drivers/STM32F4xx_HAL_Driver/Inc -I../Drivers/STM32F4xx_HAL_Driver/Inc/Legacy -I../Drivers/CMSIS/Device/ST/STM32F4xx/Include -I../Drivers/CMSIS/Include -I"C:/Users/user/OneDrive/Desktop/embdsystms/RTOS/RTOS1/thirdparty/freertos/include" -I"C:/Users/user/OneDrive/Desktop/embdsystms/RTOS/RTOS1/thirdparty/freertos/portable/GCC/ARM_CM4F" -I"C:/Users/user/OneDrive/Desktop/embdsystms/RTOS/RTOS1/thirdparty/freertos" -O0 -ffunction-sections -fdata-sections -Wall -fstack-usage -fcyclomatic-complexity -MMD -MP -MF"Drivers/STM32F4xx_HAL_Driver/Src/stm32f4xx_hal_dma_ex.d" -MT"Drivers/STM32F4xx_HAL_Driver/Src/stm32f4xx_hal_dma_ex.o" --specs=nano.specs -mfpu=fpv4-sp-d16 -mfloat-abi=hard -mthumb -o "Drivers/STM32F4xx_HAL_Driver/Src/stm32f4xx_hal_dma_ex.o"
arm-none-eabi-gcc "../Drivers/STM32F4xx_HAL_Driver/Src/stm32f4xx_hal_exti.c" -mcpu=cortex-m4 -std=gnu11 -g3 -DDEBUG -DUSE_HAL_DRIVER -DSTM32F401xE -c -I../Core/Inc -I../Drivers/STM32F4xx_HAL_Driver/Inc -I../Drivers/STM32F4xx_HAL_Driver/Inc/Legacy -I../Drivers/CMSIS/Device/ST/STM32F4xx/Include -I../Drivers/CMSIS/Include -I"C:/Users/user/OneDrive/Desktop/embdsystms/RTOS/RTOS1/thirdparty/freertos/include" -I"C:/Users/user/OneDrive/Desktop/embdsystms/RTOS/RTOS1/thirdparty/freertos/portable/GCC/ARM_CM4F" -I"C:/Users/user/OneDrive/Desktop/embdsystms/RTOS/RTOS1/thirdparty/freertos" -O0 -ffunction-sections -fdata-sections -Wall -fstack-usage -fcyclomatic-complexity -MMD -MP -MF"Drivers/STM32F4xx_HAL_Driver/Src/stm32f4xx_hal_exti.d" -MT"Drivers/STM32F4xx_HAL_Driver/Src/stm32f4xx_hal_exti.o" --specs=nano.specs -mfpu=fpv4-sp-d16 -mfloat-abi=hard -mthumb -o "Drivers/STM32F4xx_HAL_Driver/Src/stm32f4xx_hal_exti.o"
arm-none-eabi-gcc "../Drivers/STM32F4xx_HAL_Driver/Src/stm32f4xx_hal_flash.c" -mcpu=cortex-m4 -std=gnu11 -g3 -DDEBUG -DUSE_HAL_DRIVER -DSTM32F401xE -c -I../Core/Inc -I../Drivers/STM32F4xx_HAL_Driver/Inc -I../Drivers/STM32F4xx_HAL_Driver/Inc/Legacy -I../Drivers/CMSIS/Device/ST/STM32F4xx/Include -I../Drivers/CMSIS/Include -I"C:/Users/user/OneDrive/Desktop/embdsystms/RTOS/RTOS1/thirdparty/freertos/include" -I"C:/Users/user/OneDrive/Desktop/embdsystms/RTOS/RTOS1/thirdparty/freertos/portable/GCC/ARM_CM4F" -I"C:/Users/user/OneDrive/Desktop/embdsystms/RTOS/RTOS1/thirdparty/freertos" -O0 -ffunction-sections -fdata-sections -Wall -fstack-usage -fcyclomatic-complexity -MMD -MP -MF"Drivers/STM32F4xx_HAL_Driver/Src/stm32f4xx_hal_flash.d" -MT"Drivers/STM32F4xx_HAL_Driver/Src/stm32f4xx_hal_flash.o" --specs=nano.specs -mfpu=fpv4-sp-d16 -mfloat-abi=hard -mthumb -o "Drivers/STM32F4xx_HAL_Driver/Src/stm32f4xx_hal_flash.o"
arm-none-eabi-gcc "../Drivers/STM32F4xx_HAL_Driver/Src/stm32f4xx_hal_flash_ex.c" -mcpu=cortex-m4 -std=gnu11 -g3 -DDEBUG -DUSE_HAL_DRIVER -DSTM32F401xE -c -I../Core/Inc -I../Drivers/STM32F4xx_HAL_Driver/Inc -I../Drivers/STM32F4xx_HAL_Driver/Inc/Legacy -I../Drivers/CMSIS/Device/ST/STM32F4xx/Include -I../Drivers/CMSIS/Include -I"C:/Users/user/OneDrive/Desktop/embdsystms/RTOS/RTOS1/thirdparty/freertos/include" -I"C:/Users/user/OneDrive/Desktop/embdsystms/RTOS/RTOS1/thirdparty/freertos/portable/GCC/ARM_CM4F" -I"C:/Users/user/OneDrive/Desktop/embdsystms/RTOS/RTOS1/thirdparty/freertos" -O0 -ffunction-sections -fdata-sections -Wall -fstack-usage -fcyclomatic-complexity -MMD -MP -MF"Drivers/STM32F4xx_HAL_Driver/Src/stm32f4xx_hal_flash_ex.d" -MT"Drivers/STM32F4xx_HAL_Driver/Src/stm32f4xx_hal_flash_ex.o" --specs=nano.specs -mfpu=fpv4-sp-d16 -mfloat-abi=hard -mthumb -o "Drivers/STM32F4xx_HAL_Driver/Src/stm32f4xx_hal_flash_ex.o"
arm-none-eabi-gcc "../Drivers/STM32F4xx_HAL_Driver/Src/stm32f4xx_hal_flash_ramfunc.c" -mcpu=cortex-m4 -std=gnu11 -g3 -DDEBUG -DUSE_HAL_DRIVER -DSTM32F401xE -c -I../Core/Inc -I../Drivers/STM32F4xx_HAL_Driver/Inc -I../Drivers/STM32F4xx_HAL_Driver/Inc/Legacy -I../Drivers/CMSIS/Device/ST/STM32F4xx/Include -I../Drivers/CMSIS/Include -I"C:/Users/user/OneDrive/Desktop/embdsystms/RTOS/RTOS1/thirdparty/freertos/include" -I"C:/Users/user/OneDrive/Desktop/embdsystms/RTOS/RTOS1/thirdparty/freertos/portable/GCC/ARM_CM4F" -I"C:/Users/user/OneDrive/Desktop/embdsystms/RTOS/RTOS1/thirdparty/freertos" -O0 -ffunction-sections -fdata-sections -Wall -fstack-usage -fcyclomatic-complexity -MMD -MP -MF"Drivers/STM32F4xx_HAL_Driver/Src/stm32f4xx_hal_flash_ramfunc.d" -MT"Drivers/STM32F4xx_HAL_Driver/Src/stm32f4xx_hal_flash_ramfunc.o" --specs=nano.specs -mfpu=fpv4-sp-d16 -mfloat-abi=hard -mthumb -o "Drivers/STM32F4xx_HAL_Driver/Src/stm32f4xx_hal_flash_ramfunc.o"
arm-none-eabi-gcc "../Drivers/STM32F4xx_HAL_Driver/Src/stm32f4xx_hal_gpio.c" -mcpu=cortex-m4 -std=gnu11 -g3 -DDEBUG -DUSE_HAL_DRIVER -DSTM32F401xE -c -I../Core/Inc -I../Drivers/STM32F4xx_HAL_Driver/Inc -I../Drivers/STM32F4xx_HAL_Driver/Inc/Legacy -I../Drivers/CMSIS/Device/ST/STM32F4xx/Include -I../Drivers/CMSIS/Include -I"C:/Users/user/OneDrive/Desktop/embdsystms/RTOS/RTOS1/thirdparty/freertos/include" -I"C:/Users/user/OneDrive/Desktop/embdsystms/RTOS/RTOS1/thirdparty/freertos/portable/GCC/ARM_CM4F" -I"C:/Users/user/OneDrive/Desktop/embdsystms/RTOS/RTOS1/thirdparty/freertos" -O0 -ffunction-sections -fdata-sections -Wall -fstack-usage -fcyclomatic-complexity -MMD -MP -MF"Drivers/STM32F4xx_HAL_Driver/Src/stm32f4xx_hal_gpio.d" -MT"Drivers/STM32F4xx_HAL_Driver/Src/stm32f4xx_hal_gpio.o" --specs=nano.specs -mfpu=fpv4-sp-d16 -mfloat-abi=hard -mthumb -o "Drivers/STM32F4xx_HAL_Driver/Src/stm32f4xx_hal_gpio.o"
arm-none-eabi-gcc "../Drivers/STM32F4xx_HAL_Driver/Src/stm32f4xx_hal_pwr.c" -mcpu=cortex-m4 -std=gnu11 -g3 -DDEBUG -DUSE_HAL_DRIVER -DSTM32F401xE -c -I../Core/Inc -I../Drivers/STM32F4xx_HAL_Driver/Inc -I../Drivers/STM32F4xx_HAL_Driver/Inc/Legacy -I../Drivers/CMSIS/Device/ST/STM32F4xx/Include -I../Drivers/CMSIS/Include -I"C:/Users/user/OneDrive/Desktop/embdsystms/RTOS/RTOS1/thirdparty/freertos/include" -I"C:/Users/user/OneDrive/Desktop/embdsystms/RTOS/RTOS1/thirdparty/freertos/portable/GCC/ARM_CM4F" -I"C:/Users/user/OneDrive/Desktop/embdsystms/RTOS/RTOS1/thirdparty/freertos" -O0 -ffunction-sections -fdata-sections -Wall -fstack-usage -fcyclomatic-complexity -MMD -MP -MF"Drivers/STM32F4xx_HAL_Driver/Src/stm32f4xx_hal_pwr.d" -MT"Drivers/STM32F4xx_HAL_Driver/Src/stm32f4xx_hal_pwr.o" --specs=nano.specs -mfpu=fpv4-sp-d16 -mfloat-abi=hard -mthumb -o "Drivers/STM32F4xx_HAL_Driver/Src/stm32f4xx_hal_pwr.o"
arm-none-eabi-gcc "../Drivers/STM32F4xx_HAL_Driver/Src/stm32f4xx_hal_pwr_ex.c" -mcpu=cortex-m4 -std=gnu11 -g3 -DDEBUG -DUSE_HAL_DRIVER -DSTM32F401xE -c -I../Core/Inc -I../Drivers/STM32F4xx_HAL_Driver/Inc -I../Drivers/STM32F4xx_HAL_Driver/Inc/Legacy -I../Drivers/CMSIS/Device/ST/STM32F4xx/Include -I../Drivers/CMSIS/Include -I"C:/Users/user/OneDrive/Desktop/embdsystms/RTOS/RTOS1/thirdparty/freertos/include" -I"C:/Users/user/OneDrive/Desktop/embdsystms/RTOS/RTOS1/thirdparty/freertos/portable/GCC/ARM_CM4F" -I"C:/Users/user/OneDrive/Desktop/embdsystms/RTOS/RTOS1/thirdparty/freertos" -O0 -ffunction-sections -fdata-sections -Wall -fstack-usage -fcyclomatic-complexity -MMD -MP -MF"Drivers/STM32F4xx_HAL_Driver/Src/stm32f4xx_hal_pwr_ex.d" -MT"Drivers/STM32F4xx_HAL_Driver/Src/stm32f4xx_hal_pwr_ex.o" --specs=nano.specs -mfpu=fpv4-sp-d16 -mfloat-abi=hard -mthumb -o "Drivers/STM32F4xx_HAL_Driver/Src/stm32f4xx_hal_pwr_ex.o"
arm-none-eabi-gcc "../Drivers/STM32F4xx_HAL_Driver/Src/stm32f4xx_hal_rcc.c" -mcpu=cortex-m4 -std=gnu11 -g3 -DDEBUG -DUSE_HAL_DRIVER -DSTM32F401xE -c -I../Core/Inc -I../Drivers/STM32F4xx_HAL_Driver/Inc -I../Drivers/STM32F4xx_HAL_Driver/Inc/Legacy -I../Drivers/CMSIS/Device/ST/STM32F4xx/Include -I../Drivers/CMSIS/Include -I"C:/Users/user/OneDrive/Desktop/embdsystms/RTOS/RTOS1/thirdparty/freertos/include" -I"C:/Users/user/OneDrive/Desktop/embdsystms/RTOS/RTOS1/thirdparty/freertos/portable/GCC/ARM_CM4F" -I"C:/Users/user/OneDrive/Desktop/embdsystms/RTOS/RTOS1/thirdparty/freertos" -O0 -ffunction-sections -fdata-sections -Wall -fstack-usage -fcyclomatic-complexity -MMD -MP -MF"Drivers/STM32F4xx_HAL_Driver/Src/stm32f4xx_hal_rcc.d" -MT"Drivers/STM32F4xx_HAL_Driver/Src/stm32f4xx_hal_rcc.o" --specs=nano.specs -mfpu=fpv4-sp-d16 -mfloat-abi=hard -mthumb -o "Drivers/STM32F4xx_HAL_Driver/Src/stm32f4xx_hal_rcc.o"
arm-none-eabi-gcc "../Drivers/STM32F4xx_HAL_Driver/Src/stm32f4xx_hal_rcc_ex.c" -mcpu=cortex-m4 -std=gnu11 -g3 -DDEBUG -DUSE_HAL_DRIVER -DSTM32F401xE -c -I../Core/Inc -I../Drivers/STM32F4xx_HAL_Driver/Inc -I../Drivers/STM32F4xx_HAL_Driver/Inc/Legacy -I../Drivers/CMSIS/Device/ST/STM32F4xx/Include -I../Drivers/CMSIS/Include -I"C:/Users/user/OneDrive/Desktop/embdsystms/RTOS/RTOS1/thirdparty/freertos/include" -I"C:/Users/user/OneDrive/Desktop/embdsystms/RTOS/RTOS1/thirdparty/freertos/portable/GCC/ARM_CM4F" -I"C:/Users/user/OneDrive/Desktop/embdsystms/RTOS/RTOS1/thirdparty/freertos" -O0 -ffunction-sections -fdata-sections -Wall -fstack-usage -fcyclomatic-complexity -MMD -MP -MF"Drivers/STM32F4xx_HAL_Driver/Src/stm32f4xx_hal_rcc_ex.d" -MT"Drivers/STM32F4xx_HAL_Driver/Src/stm32f4xx_hal_rcc_ex.o" --specs=nano.specs -mfpu=fpv4-sp-d16 -mfloat-abi=hard -mthumb -o "Drivers/STM32F4xx_HAL_Driver/Src/stm32f4xx_hal_rcc_ex.o"
arm-none-eabi-gcc "../Drivers/STM32F4xx_HAL_Driver/Src/stm32f4xx_hal_tim.c" -mcpu=cortex-m4 -std=gnu11 -g3 -DDEBUG -DUSE_HAL_DRIVER -DSTM32F401xE -c -I../Core/Inc -I../Drivers/STM32F4xx_HAL_Driver/Inc -I../Drivers/STM32F4xx_HAL_Driver/Inc/Legacy -I../Drivers/CMSIS/Device/ST/STM32F4xx/Include -I../Drivers/CMSIS/Include -I"C:/Users/user/OneDrive/Desktop/embdsystms/RTOS/RTOS1/thirdparty/freertos/include" -I"C:/Users/user/OneDrive/Desktop/embdsystms/RTOS/RTOS1/thirdparty/freertos/portable/GCC/ARM_CM4F" -I"C:/Users/user/OneDrive/Desktop/embdsystms/RTOS/RTOS1/thirdparty/freertos" -O0 -ffunction-sections -fdata-sections -Wall -fstack-usage -fcyclomatic-complexity -MMD -MP -MF"Drivers/STM32F4xx_HAL_Driver/Src/stm32f4xx_hal_tim.d" -MT"Drivers/STM32F4xx_HAL_Driver/Src/stm32f4xx_hal_tim.o" --specs=nano.specs -mfpu=fpv4-sp-d16 -mfloat-abi=hard -mthumb -o "Drivers/STM32F4xx_HAL_Driver/Src/stm32f4xx_hal_tim.o"
arm-none-eabi-gcc "../Drivers/STM32F4xx_HAL_Driver/Src/stm32f4xx_hal_tim_ex.c" -mcpu=cortex-m4 -std=gnu11 -g3 -DDEBUG -DUSE_HAL_DRIVER -DSTM32F401xE -c -I../Core/Inc -I../Drivers/STM32F4xx_HAL_Driver/Inc -I../Drivers/STM32F4xx_HAL_Driver/Inc/Legacy -I../Drivers/CMSIS/Device/ST/STM32F4xx/Include -I../Drivers/CMSIS/Include -I"C:/Users/user/OneDrive/Desktop/embdsystms/RTOS/RTOS1/thirdparty/freertos/include" -I"C:/Users/user/OneDrive/Desktop/embdsystms/RTOS/RTOS1/thirdparty/freertos/portable/GCC/ARM_CM4F" -I"C:/Users/user/OneDrive/Desktop/embdsystms/RTOS/RTOS1/thirdparty/freertos" -O0 -ffunction-sections -fdata-sections -Wall -fstack-usage -fcyclomatic-complexity -MMD -MP -MF"Drivers/STM32F4xx_HAL_Driver/Src/stm32f4xx_hal_tim_ex.d" -MT"Drivers/STM32F4xx_HAL_Driver/Src/stm32f4xx_hal_tim_ex.o" --specs=nano.specs -mfpu=fpv4-sp-d16 -mfloat-abi=hard -mthumb -o "Drivers/STM32F4xx_HAL_Driver/Src/stm32f4xx_hal_tim_ex.o"
arm-none-eabi-gcc -mcpu=cortex-m4 -g3 -DDEBUG -c -x assembler-with-cpp -MMD -MP -MF"Core/Startup/startup_stm32f401retx.d" -MT"Core/Startup/startup_stm32f401retx.o" --specs=nano.specs -mfpu=fpv4-sp-d16 -mfloat-abi=hard -mthumb -o "Core/Startup/startup_stm32f401retx.o" "../Core/Startup/startup_stm32f401retx.s"
arm-none-eabi-gcc "../Core/Src/main.c" -mcpu=cortex-m4 -std=gnu11 -g3 -DDEBUG -DUSE_HAL_DRIVER -DSTM32F401xE -c -I../Core/Inc -I../Drivers/STM32F4xx_HAL_Driver/Inc -I../Drivers/STM32F4xx_HAL_Driver/Inc/Legacy -I../Drivers/CMSIS/Device/ST/STM32F4xx/Include -I../Drivers/CMSIS/Include -I"C:/Users/user/OneDrive/Desktop/embdsystms/RTOS/RTOS1/thirdparty/freertos/include" -I"C:/Users/user/OneDrive/Desktop/embdsystms/RTOS/RTOS1/thirdparty/freertos/portable/GCC/ARM_CM4F" -I"C:/Users/user/OneDrive/Desktop/embdsystms/RTOS/RTOS1/thirdparty/freertos" -O0 -ffunction-sections -fdata-sections -Wall -fstack-usage -fcyclomatic-complexity -MMD -MP -MF"Core/Src/main.d" -MT"Core/Src/main.o" --specs=nano.specs -mfpu=fpv4-sp-d16 -mfloat-abi=hard -mthumb -o "Core/Src/main.o"
arm-none-eabi-gcc "../Core/Src/stm32f4xx_hal_msp.c" -mcpu=cortex-m4 -std=gnu11 -g3 -DDEBUG -DUSE_HAL_DRIVER -DSTM32F401xE -c -I../Core/Inc -I../Drivers/STM32F4xx_HAL_Driver/Inc -I../Drivers/STM32F4xx_HAL_Driver/Inc/Legacy -I../Drivers/CMSIS/Device/ST/STM32F4xx/Include -I../Drivers/CMSIS/Include -I"C:/Users/user/OneDrive/Desktop/embdsystms/RTOS/RTOS1/thirdparty/freertos/include" -I"C:/Users/user/OneDrive/Desktop/embdsystms/RTOS/RTOS1/thirdparty/freertos/portable/GCC/ARM_CM4F" -I"C:/Users/user/OneDrive/Desktop/embdsystms/RTOS/RTOS1/thirdparty/freertos" -O0 -ffunction-sections -fdata-sections -Wall -fstack-usage -fcyclomatic-complexity -MMD -MP -MF"Core/Src/stm32f4xx_hal_msp.d" -MT"Core/Src/stm32f4xx_hal_msp.o" --specs=nano.specs -mfpu=fpv4-sp-d16 -mfloat-abi=hard -mthumb -o "Core/Src/stm32f4xx_hal_msp.o"
arm-none-eabi-gcc "../Core/Src/stm32f4xx_hal_timebase_tim.c" -mcpu=cortex-m4 -std=gnu11 -g3 -DDEBUG -DUSE_HAL_DRIVER -DSTM32F401xE -c -I../Core/Inc -I../Drivers/STM32F4xx_HAL_Driver/Inc -I../Drivers/STM32F4xx_HAL_Driver/Inc/Legacy -I../Drivers/CMSIS/Device/ST/STM32F4xx/Include -I../Drivers/CMSIS/Include -I"C:/Users/user/OneDrive/Desktop/embdsystms/RTOS/RTOS1/thirdparty/freertos/include" -I"C:/Users/user/OneDrive/Desktop/embdsystms/RTOS/RTOS1/thirdparty/freertos/portable/GCC/ARM_CM4F" -I"C:/Users/user/OneDrive/Desktop/embdsystms/RTOS/RTOS1/thirdparty/freertos" -O0 -ffunction-sections -fdata-sections -Wall -fstack-usage -fcyclomatic-complexity -MMD -MP -MF"Core/Src/stm32f4xx_hal_timebase_tim.d" -MT"Core/Src/stm32f4xx_hal_timebase_tim.o" --specs=nano.specs -mfpu=fpv4-sp-d16 -mfloat-abi=hard -mthumb -o "Core/Src/stm32f4xx_hal_timebase_tim.o"
arm-none-eabi-gcc "../Core/Src/stm32f4xx_it.c" -mcpu=cortex-m4 -std=gnu11 -g3 -DDEBUG -DUSE_HAL_DRIVER -DSTM32F401xE -c -I../Core/Inc -I../Drivers/STM32F4xx_HAL_Driver/Inc -I../Drivers/STM32F4xx_HAL_Driver/Inc/Legacy -I../Drivers/CMSIS/Device/ST/STM32F4xx/Include -I../Drivers/CMSIS/Include -I"C:/Users/user/OneDrive/Desktop/embdsystms/RTOS/RTOS1/thirdparty/freertos/include" -I"C:/Users/user/OneDrive/Desktop/embdsystms/RTOS/RTOS1/thirdparty/freertos/portable/GCC/ARM_CM4F" -I"C:/Users/user/OneDrive/Desktop/embdsystms/RTOS/RTOS1/thirdparty/freertos" -O0 -ffunction-sections -fdata-sections -Wall -fstack-usage -fcyclomatic-complexity -MMD -MP -MF"Core/Src/stm32f4xx_it.d" -MT"Core/Src/stm32f4xx_it.o" --specs=nano.specs -mfpu=fpv4-sp-d16 -mfloat-abi=hard -mthumb -o "Core/Src/stm32f4xx_it.o"
arm-none-eabi-gcc "../Core/Src/syscalls.c" -mcpu=cortex-m4 -std=gnu11 -g3 -DDEBUG -DUSE_HAL_DRIVER -DSTM32F401xE -c -I../Core/Inc -I../Drivers/STM32F4xx_HAL_Driver/Inc -I../Drivers/STM32F4xx_HAL_Driver/Inc/Legacy -I../Drivers/CMSIS/Device/ST/STM32F4xx/Include -I../Drivers/CMSIS/Include -I"C:/Users/user/OneDrive/Desktop/embdsystms/RTOS/RTOS1/thirdparty/freertos/include" -I"C:/Users/user/OneDrive/Desktop/embdsystms/RTOS/RTOS1/thirdparty/freertos/portable/GCC/ARM_CM4F" -I"C:/Users/user/OneDrive/Desktop/embdsystms/RTOS/RTOS1/thirdparty/freertos" -O0 -ffunction-sections -fdata-sections -Wall -fstack-usage -fcyclomatic-complexity -MMD -MP -MF"Core/Src/syscalls.d" -MT"Core/Src/syscalls.o" --specs=nano.specs -mfpu=fpv4-sp-d16 -mfloat-abi=hard -mthumb -o "Core/Src/syscalls.o"
../Core/Src/main.c: In function 'main':
../Core/Src/main.c:80:16: warning: variable 'xReturned' set but not used [-Wunused-but-set-variable]
   80 |     BaseType_t xReturned;
      |                ^~~~~~~~~
arm-none-eabi-gcc "../Core/Src/sysmem.c" -mcpu=cortex-m4 -std=gnu11 -g3 -DDEBUG -DUSE_HAL_DRIVER -DSTM32F401xE -c -I../Core/Inc -I../Drivers/STM32F4xx_HAL_Driver/Inc -I../Drivers/STM32F4xx_HAL_Driver/Inc/Legacy -I../Drivers/CMSIS/Device/ST/STM32F4xx/Include -I../Drivers/CMSIS/Include -I"C:/Users/user/OneDrive/Desktop/embdsystms/RTOS/RTOS1/thirdparty/freertos/include" -I"C:/Users/user/OneDrive/Desktop/embdsystms/RTOS/RTOS1/thirdparty/freertos/portable/GCC/ARM_CM4F" -I"C:/Users/user/OneDrive/Desktop/embdsystms/RTOS/RTOS1/thirdparty/freertos" -O0 -ffunction-sections -fdata-sections -Wall -fstack-usage -fcyclomatic-complexity -MMD -MP -MF"Core/Src/sysmem.d" -MT"Core/Src/sysmem.o" --specs=nano.specs -mfpu=fpv4-sp-d16 -mfloat-abi=hard -mthumb -o "Core/Src/sysmem.o"
arm-none-eabi-gcc "../Core/Src/system_stm32f4xx.c" -mcpu=cortex-m4 -std=gnu11 -g3 -DDEBUG -DUSE_HAL_DRIVER -DSTM32F401xE -c -I../Core/Inc -I../Drivers/STM32F4xx_HAL_Driver/Inc -I../Drivers/STM32F4xx_HAL_Driver/Inc/Legacy -I../Drivers/CMSIS/Device/ST/STM32F4xx/Include -I../Drivers/CMSIS/Include -I"C:/Users/user/OneDrive/Desktop/embdsystms/RTOS/RTOS1/thirdparty/freertos/include" -I"C:/Users/user/OneDrive/Desktop/embdsystms/RTOS/RTOS1/thirdparty/freertos/portable/GCC/ARM_CM4F" -I"C:/Users/user/OneDrive/Desktop/embdsystms/RTOS/RTOS1/thirdparty/freertos" -O0 -ffunction-sections -fdata-sections -Wall -fstack-usage -fcyclomatic-complexity -MMD -MP -MF"Core/Src/system_stm32f4xx.d" -MT"Core/Src/system_stm32f4xx.o" --specs=nano.specs -mfpu=fpv4-sp-d16 -mfloat-abi=hard -mthumb -o "Core/Src/system_stm32f4xx.o"
arm-none-eabi-gcc -o "RTOS1.elf" @"objects.list"   -mcpu=cortex-m4 -T"C:\Users\user\OneDrive\Desktop\embdsystms\RTOS\RTOS1\STM32F401RETX_FLASH.ld" --specs=nosys.specs -Wl,-Map="RTOS1.map" -Wl,--gc-sections -static --specs=nano.specs -mfpu=fpv4-sp-d16 -mfloat-abi=hard -mthumb -Wl,--start-group -lc -lm -Wl,--end-group
Finished building target: RTOS1.elf
 
arm-none-eabi-size  RTOS1.elf 
arm-none-eabi-objdump -h -S RTOS1.elf  > "RTOS1.list"
   text	   data	    bss	    dec	    hex	filename
  20748	    108	   8152	  29008	   7150	RTOS1.elf
Finished building: default.size.stdout
 
Finished building: RTOS1.list
 
19:55:50 **** Incremental Build of configuration Debug for project RTOS1 ****
make -j8 all 
arm-none-eabi-size  RTOS1.elf 
   text	   data	    bss	    dec	    hex	filename
  20748	    108	   8152	  29008	   7150	RTOS1.elf
Finished building: default.size.stdout
 
19:56:05 **** Incremental Build of configuration Debug for project RTOS1 ****
make -j8 all 
arm-none-eabi-size  RTOS1.elf 
   text	   data	    bss	    dec	    hex	filename
  20748	    108	   8152	  29008	   7150	RTOS1.elf
Finished building: default.size.stdout
 
19:56:39 **** Incremental Build of configuration Debug for project RTOS1 ****
make -j8 all 
arm-none-eabi-size  RTOS1.elf 
   text	   data	    bss	    dec	    hex	filename
  20748	    108	   8152	  29008	   7150	RTOS1.elf
Finished building: default.size.stdout
 
