13:48:27 **** Incremental Build of configuration Debug for project DriversDev ****
make -j8 all 
arm-none-eabi-gcc "../drivers/src/stm32f401xx_spi_driver.c" -mcpu=cortex-m4 -std=gnu11 -g3 -DDEBUG -DNUCLEO_F401RE -DSTM32 -DSTM32F401RETx -DSTM32F4 -c -I../Inc -I"C:/Users/user/OneDrive/Desktop/embdsystms/STM32 programming/F401drivers/DriversDev/drivers/inc" -O0 -ffunction-sections -fdata-sections -Wall -fstack-usage -fcyclomatic-complexity -MMD -MP -MF"drivers/src/stm32f401xx_spi_driver.d" -MT"drivers/src/stm32f401xx_spi_driver.o" --specs=nano.specs -mfloat-abi=soft -mthumb -o "drivers/src/stm32f401xx_spi_driver.o"
arm-none-eabi-gcc -o "DriversDev.elf" @"objects.list"   -mcpu=cortex-m4 -T"C:\Users\user\OneDrive\Desktop\embdsystms\STM32 programming\F401drivers\DriversDev\STM32F401RETX_FLASH.ld" --specs=nosys.specs -Wl,-Map="DriversDev.map" -Wl,--gc-sections -static --specs=nano.specs -mfloat-abi=soft -mthumb -Wl,--start-group -lc -lm -Wl,--end-group
Finished building target: DriversDev.elf
 
arm-none-eabi-size  DriversDev.elf 
arm-none-eabi-objdump -h -S DriversDev.elf  > "DriversDev.list"
   text	   data	    bss	    dec	    hex	filename
   2404	      0	   1568	   3972	    f84	DriversDev.elf
Finished building: default.size.stdout
 
Finished building: DriversDev.list
 

13:48:28 Build Finished. 0 errors, 0 warnings. (took 820ms)

