15:46:57 **** Build of configuration Debug for project DriversDev ****
make -j8 all 
arm-none-eabi-gcc "../drivers/src/stm32f401xx_gpio_driver.c" -mcpu=cortex-m4 -std=gnu11 -g3 -DDEBUG -DNUCLEO_F401RE -DSTM32 -DSTM32F401RETx -DSTM32F4 -c -I../Inc -I"C:/Users/user/OneDrive/Desktop/embdsystms/STM32 programming/F401drivers/DriversDev/drivers/inc" -O0 -ffunction-sections -fdata-sections -Wall -fstack-usage -fcyclomatic-complexity -MMD -MP -MF"drivers/src/stm32f401xx_gpio_driver.d" -MT"drivers/src/stm32f401xx_gpio_driver.o" --specs=nano.specs -mfloat-abi=soft -mthumb -o "drivers/src/stm32f401xx_gpio_driver.o"
arm-none-eabi-gcc -mcpu=cortex-m4 -g3 -DDEBUG -c -x assembler-with-cpp -MMD -MP -MF"Startup/startup_stm32f401retx.d" -MT"Startup/startup_stm32f401retx.o" --specs=nano.specs -mfloat-abi=soft -mthumb -o "Startup/startup_stm32f401retx.o" "../Startup/startup_stm32f401retx.s"
arm-none-eabi-gcc "../Src/button_led.c" -mcpu=cortex-m4 -std=gnu11 -g3 -DDEBUG -DNUCLEO_F401RE -DSTM32 -DSTM32F401RETx -DSTM32F4 -c -I../Inc -I"C:/Users/user/OneDrive/Desktop/embdsystms/STM32 programming/F401drivers/DriversDev/drivers/inc" -O0 -ffunction-sections -fdata-sections -Wall -fstack-usage -fcyclomatic-complexity -MMD -MP -MF"Src/button_led.d" -MT"Src/button_led.o" --specs=nano.specs -mfloat-abi=soft -mthumb -o "Src/button_led.o"
arm-none-eabi-gcc "../Src/syscalls.c" -mcpu=cortex-m4 -std=gnu11 -g3 -DDEBUG -DNUCLEO_F401RE -DSTM32 -DSTM32F401RETx -DSTM32F4 -c -I../Inc -I"C:/Users/user/OneDrive/Desktop/embdsystms/STM32 programming/F401drivers/DriversDev/drivers/inc" -O0 -ffunction-sections -fdata-sections -Wall -fstack-usage -fcyclomatic-complexity -MMD -MP -MF"Src/syscalls.d" -MT"Src/syscalls.o" --specs=nano.specs -mfloat-abi=soft -mthumb -o "Src/syscalls.o"
arm-none-eabi-gcc "../Src/sysmem.c" -mcpu=cortex-m4 -std=gnu11 -g3 -DDEBUG -DNUCLEO_F401RE -DSTM32 -DSTM32F401RETx -DSTM32F4 -c -I../Inc -I"C:/Users/user/OneDrive/Desktop/embdsystms/STM32 programming/F401drivers/DriversDev/drivers/inc" -O0 -ffunction-sections -fdata-sections -Wall -fstack-usage -fcyclomatic-complexity -MMD -MP -MF"Src/sysmem.d" -MT"Src/sysmem.o" --specs=nano.specs -mfloat-abi=soft -mthumb -o "Src/sysmem.o"
arm-none-eabi-gcc -o "DriversDev.elf" @"objects.list"   -mcpu=cortex-m4 -T"C:\Users\user\OneDrive\Desktop\embdsystms\STM32 programming\F401drivers\DriversDev\STM32F401RETX_FLASH.ld" --specs=nosys.specs -Wl,-Map="DriversDev.map" -Wl,--gc-sections -static --specs=nano.specs -mfloat-abi=soft -mthumb -Wl,--start-group -lc -lm -Wl,--end-group
Finished building target: DriversDev.elf
 
arm-none-eabi-size  DriversDev.elf 
arm-none-eabi-objdump -h -S DriversDev.elf  > "DriversDev.list"
   text	   data	    bss	    dec	    hex	filename
   1908	      0	   1568	   3476	    d94	DriversDev.elf
Finished building: default.size.stdout
 
Finished building: DriversDev.list
 
15:47:10 **** Incremental Build of configuration Debug for project DriversDev ****
make -j8 all 
arm-none-eabi-size  DriversDev.elf 
   text	   data	    bss	    dec	    hex	filename
   1908	      0	   1568	   3476	    d94	DriversDev.elf
Finished building: default.size.stdout
 
